// Jest Snapshot v1, https://goo.gl/fbAQLP

exports[`ListItem should match the snapshot with all of the data passed through 1`] = `
<View
  style={Object {}}
>
  <View
    style={Object {}}
  >
    <Button
      title="Add"
    />
  </View>
</View>
`;
