// Jest Snapshot v1, https://goo.gl/fbAQLP

exports[`LoginScreen should match the snapshot with all of the data passed through 1`] = `
<View
  style={
    Object {
      "alignItems": "center",
      "backgroundColor": "#F0F0F0",
      "flex": 1,
      "justifyContent": "center",
      "marginTop": 20,
    }
  }
>
  <TouchableOpacity
    activeOpacity={0.2}
    onPress={[Function]}
    style={
      Object {
        "alignItems": "center",
        "backgroundColor": "#001028",
        "borderColor": "#EFB095",
        "borderRadius": 7,
        "borderWidth": 4,
        "height": 65,
        "marginVertical": 10,
        "width": 350,
      }
    }
    title="Login"
  >
    <Text
      style={
        Object {
          "color": "#F0F0F0",
          "fontFamily": "Futura",
          "fontSize": 38,
          "paddingVertical": 5,
        }
      }
    >
      LOGIN
    </Text>
  </TouchableOpacity>
  <TouchableOpacity
    activeOpacity={0.2}
    onPress={[Function]}
    style={
      Object {
        "alignItems": "center",
        "backgroundColor": "#001028",
        "borderColor": "#EFB095",
        "borderRadius": 7,
        "borderWidth": 4,
        "height": 65,
        "marginVertical": 10,
        "width": 350,
      }
    }
    title="Login"
  >
    <Text
      style={
        Object {
          "color": "#F0F0F0",
          "fontFamily": "Futura",
          "fontSize": 38,
          "paddingVertical": 5,
        }
      }
    >
      SIGN UP
    </Text>
  </TouchableOpacity>
</View>
`;
