// Jest Snapshot v1, https://goo.gl/fbAQLP

exports[`Trip should match the snapshot with all of the data passed through 1`] = `
<View
  style={
    Object {
      "alignItems": "center",
      "flex": 1,
    }
  }
>
  <Component
    style={
      Object {
        "borderColor": "black",
        "borderWidth": 2,
        "flex": 1,
        "height": 300,
        "width": "90%",
      }
    }
  >
    <Text>
      State is 
      0
    </Text>
    <Button
      onPress={[Function]}
      title="Add Emergency Contact"
    />
    <Text>
      State is 
      0
    </Text>
    <Button
      onPress={[Function]}
      title="Add Vehicle"
    />
    <Text>
      State length 
      0
    </Text>
    <Button
      onPress={[Function]}
      title="Add Gear"
    />
    <TextInput
      allowFontScaling={true}
      placeholder="Starting point"
      rejectResponderTermination={true}
      style={
        Object {
          "backgroundColor": "#fff",
          "borderColor": "black",
          "borderWidth": 1,
          "marginBottom": 10,
          "padding": 10,
          "width": "80%",
        }
      }
      underlineColorAndroid="transparent"
    />
    <TextInput
      allowFontScaling={true}
      placeholder="Ending point"
      rejectResponderTermination={true}
      style={
        Object {
          "backgroundColor": "#fff",
          "borderColor": "black",
          "borderWidth": 1,
          "marginBottom": 10,
          "padding": 10,
          "width": "80%",
        }
      }
      underlineColorAndroid="transparent"
    />
    <TextInput
      allowFontScaling={true}
      placeholder="Start date"
      rejectResponderTermination={true}
      style={
        Object {
          "backgroundColor": "#fff",
          "borderColor": "black",
          "borderWidth": 1,
          "marginBottom": 10,
          "padding": 10,
          "width": "80%",
        }
      }
      underlineColorAndroid="transparent"
    />
    <TextInput
      allowFontScaling={true}
      placeholder="Start time"
      rejectResponderTermination={true}
      style={
        Object {
          "backgroundColor": "#fff",
          "borderColor": "black",
          "borderWidth": 1,
          "marginBottom": 10,
          "padding": 10,
          "width": "80%",
        }
      }
      underlineColorAndroid="transparent"
    />
    <TextInput
      allowFontScaling={true}
      placeholder="End date"
      rejectResponderTermination={true}
      style={
        Object {
          "backgroundColor": "#fff",
          "borderColor": "black",
          "borderWidth": 1,
          "marginBottom": 10,
          "padding": 10,
          "width": "80%",
        }
      }
      underlineColorAndroid="transparent"
    />
    <TextInput
      allowFontScaling={true}
      placeholder="End time"
      rejectResponderTermination={true}
      style={
        Object {
          "backgroundColor": "#fff",
          "borderColor": "black",
          "borderWidth": 1,
          "marginBottom": 10,
          "padding": 10,
          "width": "80%",
        }
      }
      underlineColorAndroid="transparent"
    />
    <TextInput
      allowFontScaling={true}
      placeholder="Notification time"
      rejectResponderTermination={true}
      style={
        Object {
          "backgroundColor": "#fff",
          "borderColor": "black",
          "borderWidth": 1,
          "marginBottom": 10,
          "padding": 10,
          "width": "80%",
        }
      }
      underlineColorAndroid="transparent"
    />
    <Component
      animationType="slide"
      hardwareAccelerated={false}
      onRequestClose={[Function]}
      transparent={true}
      visible={false}
    >
      <View
        style={
          Object {
            "backgroundColor": "#efefef",
            "bottom": 30,
            "height": 400,
            "left": 10,
            "margin": 5,
            "padding": 20,
            "position": "absolute",
            "right": 10,
          }
        }
      >
        <Text
          style={
            Object {
              "fontWeight": "bold",
              "marginBottom": 5,
            }
          }
        >
          Select Emergency Contact:
        </Text>
        <TouchableHighlight
          activeOpacity={0.85}
          delayPressOut={100}
          onPress={[Function]}
          style={
            Object {
              "marginVertical": 3,
              "paddingVertical": 10,
            }
          }
          underlayColor="black"
        >
          <Text>
            Beans
          </Text>
        </TouchableHighlight>
      </View>
    </Component>
    <Component
      animationType="slide"
      hardwareAccelerated={false}
      onRequestClose={[Function]}
      transparent={true}
      visible={false}
    >
      <View
        style={
          Object {
            "backgroundColor": "#efefef",
            "bottom": 30,
            "height": 400,
            "left": 10,
            "margin": 5,
            "padding": 20,
            "position": "absolute",
            "right": 10,
          }
        }
      >
        <Text
          style={
            Object {
              "fontWeight": "bold",
              "marginBottom": 5,
            }
          }
        >
          Select Vehicle:
        </Text>
        <TouchableHighlight
          activeOpacity={0.85}
          delayPressOut={100}
          key="1"
          onPress={[Function]}
          style={
            Object {
              "marginVertical": 3,
              "paddingVertical": 10,
            }
          }
          underlayColor="black"
        >
          <Text>
            Ford
             
            F150
          </Text>
        </TouchableHighlight>
      </View>
    </Component>
    <Component
      animationType="slide"
      hardwareAccelerated={false}
      onRequestClose={[Function]}
      transparent={true}
      visible={false}
    >
      <View
        style={
          Object {
            "backgroundColor": "#efefef",
            "bottom": 30,
            "height": 400,
            "left": 10,
            "margin": 5,
            "padding": 20,
            "position": "absolute",
            "right": 10,
          }
        }
      >
        <Text
          style={
            Object {
              "fontWeight": "bold",
              "marginBottom": 5,
            }
          }
        >
          Add Gear Items:
        </Text>
        <Component>
          <TouchableHighlight
            activeOpacity={0.85}
            delayPressOut={100}
            key="89"
            onPress={[Function]}
            style={
              Object {
                "marginVertical": 3,
                "paddingVertical": 10,
              }
            }
            underlayColor="black"
          >
            <View
              style={
                Object {
                  "flex": 1,
                  "flexDirection": "row",
                }
              }
            >
              <Text
                style={
                  Object {
                    "borderColor": "black",
                    "borderWidth": 1,
                    "marginRight": 10,
                    "marginVertical": 5,
                    "paddingVertical": 3,
                    "textAlign": "center",
                    "width": 75,
                  }
                }
              >
                ADD
              </Text>
              <Text
                style={
                  Object {
                    "paddingVertical": 10,
                  }
                }
              >
                Rustic Iron Bottle
              </Text>
            </View>
          </TouchableHighlight>
        </Component>
        <TouchableOpacity
          activeOpacity={0.2}
          onPress={[Function]}
        >
          <Text
            style={
              Object {
                "borderColor": "black",
                "borderWidth": 1,
                "marginVertical": 3,
                "padding": 10,
                "textAlign": "center",
                "width": "100%",
              }
            }
          >
            Submit Gear List
          </Text>
        </TouchableOpacity>
      </View>
    </Component>
    <TouchableOpacity
      activeOpacity={0.2}
      onPress={[Function]}
      style={
        Object {
          "borderColor": "black",
          "borderWidth": 1,
          "marginVertical": 3,
          "padding": 10,
          "textAlign": "center",
          "width": "100%",
        }
      }
    >
      <Text
        style={
          Object {
            "textAlign": "center",
          }
        }
      >
        Add Trip
      </Text>
    </TouchableOpacity>
  </Component>
</View>
`;
