// Jest Snapshot v1, https://goo.gl/fbAQLP

exports[`App should match the snapshot with all of the data passed through 1`] = `
<Provider
  store={
    Object {
      "dispatch": [Function],
      "getState": [Function],
      "replaceReducer": [Function],
      "subscribe": [Function],
      Symbol(observable): [Function],
    }
  }
>
  <Component />
  ;
</Provider>
`;
